// Jest Snapshot v1, https://goo.gl/fbAQLP

exports[`ImageDeleteBtn Matches ImageDeleteBtn snapshot 1`] = `
<div
  className="deleteBtnFooter"
>
  <button
    className="button"
    onClick={[Function]}
  >
    Delete
  </button>
</div>
`;
