// Jest Snapshot v1, https://goo.gl/fbAQLP

exports[`ImageList renders ImageList correctly 1`] = `
<div
  className="imageList"
>
  <div
    className="imageListItem"
    data-testid="image-list-item"
    onClick={[Function]}
  >
    <img
      alt="tennessee_female_rubber.jpg"
      className="imageListItemImg"
      src="https://agencyanalytics-api.vercel.app/images/0.jpg"
      tabIndex={0}
    />
    <div
      className="imageListItemName"
    >
      tennessee_female_rubber.jpg
    </div>
    <div
      className="imageListItemSize"
    >
      4.6 MB
    </div>
  </div>
  <div
    className="imageListItem"
    data-testid="image-list-item"
    onClick={[Function]}
  >
    <img
      alt="virginia.jpg"
      className="imageListItemImg"
      src="https://agencyanalytics-api.vercel.app/images/1.jpg"
      tabIndex={0}
    />
    <div
      className="imageListItemName"
    >
      virginia.jpg
    </div>
    <div
      className="imageListItemSize"
    >
      4.1 MB
    </div>
  </div>
</div>
`;
