// Jest Snapshot v1, https://goo.gl/fbAQLP

exports[`App matches snapshot correctly 1`] = `null`;
